// Jest Snapshot v1, https://goo.gl/fbAQLP

exports[`<Vector3View/> in view/loaders/detail/field should be consistent with previous snapshot 1`] = `
<div
  className="custom view-loaders-detail-field-Vector3View"
>
  <div
    className="array"
  >
    <div
      className="custom ui-view-input-TextView custom ui-view-input-FloatView"
    >
      <input
        id=""
        list=":datalist"
        onChange={[Function]}
        onKeyDownCapture={[Function]}
        style={
          Object {
            "width": "auto",
          }
        }
        value="1.618"
      />
    </div>
    <div
      className="custom ui-view-input-TextView custom ui-view-input-FloatView"
    >
      <input
        id=""
        list=":datalist"
        onChange={[Function]}
        onKeyDownCapture={[Function]}
        style={
          Object {
            "width": "auto",
          }
        }
        value="2"
      />
    </div>
    <div
      className="custom ui-view-input-TextView custom ui-view-input-FloatView"
    >
      <input
        id=""
        list=":datalist"
        onChange={[Function]}
        onKeyDownCapture={[Function]}
        style={
          Object {
            "width": "auto",
          }
        }
        value="3.14"
      />
    </div>
  </div>
  <input
    onChange={[Function]}
    type="color"
    value="#fff"
  />
</div>
`;
